PREHOOK: query: CREATE TABLE major_compaction(id string, value string) STORED AS ORC TBLPROPERTIES('transactional'='true')
PREHOOK: type: CREATETABLE
PREHOOK: Output: database:default
PREHOOK: Output: default@major_compaction
POSTHOOK: query: CREATE TABLE major_compaction(id string, value string) STORED AS ORC TBLPROPERTIES('transactional'='true')
POSTHOOK: type: CREATETABLE
POSTHOOK: Output: database:default
POSTHOOK: Output: default@major_compaction
PREHOOK: query: insert into major_compaction values 
('1','one'),('2','two'),('3','three'),('4','four'),('5','five'),
('6','six'),('7','seven'),('8','eight'),('9','nine'),('10','ten'),
('11','eleven'),('12','twelve'),('13','thirteen'),('14','fourteen'),('15','fifteen'),
('16','sixteen'),('17','seventeen'),('18','eighteen'),('19','nineteen'),('20','twenty')
PREHOOK: type: QUERY
PREHOOK: Input: _dummy_database@_dummy_table
PREHOOK: Output: default@major_compaction
POSTHOOK: query: insert into major_compaction values 
('1','one'),('2','two'),('3','three'),('4','four'),('5','five'),
('6','six'),('7','seven'),('8','eight'),('9','nine'),('10','ten'),
('11','eleven'),('12','twelve'),('13','thirteen'),('14','fourteen'),('15','fifteen'),
('16','sixteen'),('17','seventeen'),('18','eighteen'),('19','nineteen'),('20','twenty')
POSTHOOK: type: QUERY
POSTHOOK: Input: _dummy_database@_dummy_table
POSTHOOK: Output: default@major_compaction
POSTHOOK: Lineage: major_compaction.id SCRIPT []
POSTHOOK: Lineage: major_compaction.value SCRIPT []
PREHOOK: query: delete from major_compaction where id in ('2', '11', '10')
PREHOOK: type: QUERY
PREHOOK: Input: default@major_compaction
PREHOOK: Output: default@major_compaction
POSTHOOK: query: delete from major_compaction where id in ('2', '11', '10')
POSTHOOK: type: QUERY
POSTHOOK: Input: default@major_compaction
POSTHOOK: Output: default@major_compaction
PREHOOK: query: delete from major_compaction where id in ('2', '4', '12', '15')
PREHOOK: type: QUERY
PREHOOK: Input: default@major_compaction
PREHOOK: Output: default@major_compaction
POSTHOOK: query: delete from major_compaction where id in ('2', '4', '12', '15')
POSTHOOK: type: QUERY
POSTHOOK: Input: default@major_compaction
POSTHOOK: Output: default@major_compaction
PREHOOK: query: select ROW__ID, *, INPUT__FILE__NAME from major_compaction
PREHOOK: type: QUERY
PREHOOK: Input: default@major_compaction
#### A masked pattern was here ####
POSTHOOK: query: select ROW__ID, *, INPUT__FILE__NAME from major_compaction
POSTHOOK: type: QUERY
POSTHOOK: Input: default@major_compaction
#### A masked pattern was here ####
{"writeid":### Masked writeid ###,"bucketid":536870912,"rowid":0}	1	one	file:/Users/karencoppage/upstream/hive/itests/qtest/target/localfs/warehouse/major_compaction/delta_0000001_0000001_0000/bucket_00000_0
{"writeid":### Masked writeid ###,"bucketid":536870912,"rowid":2}	3	three	file:/Users/karencoppage/upstream/hive/itests/qtest/target/localfs/warehouse/major_compaction/delta_0000001_0000001_0000/bucket_00000_0
{"writeid":### Masked writeid ###,"bucketid":536870912,"rowid":4}	5	five	file:/Users/karencoppage/upstream/hive/itests/qtest/target/localfs/warehouse/major_compaction/delta_0000001_0000001_0000/bucket_00000_0
{"writeid":### Masked writeid ###,"bucketid":536870912,"rowid":5}	6	six	file:/Users/karencoppage/upstream/hive/itests/qtest/target/localfs/warehouse/major_compaction/delta_0000001_0000001_0000/bucket_00000_0
{"writeid":### Masked writeid ###,"bucketid":536870912,"rowid":6}	7	seven	file:/Users/karencoppage/upstream/hive/itests/qtest/target/localfs/warehouse/major_compaction/delta_0000001_0000001_0000/bucket_00000_0
{"writeid":### Masked writeid ###,"bucketid":536870912,"rowid":7}	8	eight	file:/Users/karencoppage/upstream/hive/itests/qtest/target/localfs/warehouse/major_compaction/delta_0000001_0000001_0000/bucket_00000_0
{"writeid":### Masked writeid ###,"bucketid":536870912,"rowid":8}	9	nine	file:/Users/karencoppage/upstream/hive/itests/qtest/target/localfs/warehouse/major_compaction/delta_0000001_0000001_0000/bucket_00000_0
{"writeid":### Masked writeid ###,"bucketid":536870912,"rowid":12}	13	thirteen	file:/Users/karencoppage/upstream/hive/itests/qtest/target/localfs/warehouse/major_compaction/delta_0000001_0000001_0000/bucket_00000_0
{"writeid":### Masked writeid ###,"bucketid":536870912,"rowid":13}	14	fourteen	file:/Users/karencoppage/upstream/hive/itests/qtest/target/localfs/warehouse/major_compaction/delta_0000001_0000001_0000/bucket_00000_0
{"writeid":### Masked writeid ###,"bucketid":536870912,"rowid":15}	16	sixteen	file:/Users/karencoppage/upstream/hive/itests/qtest/target/localfs/warehouse/major_compaction/delta_0000001_0000001_0000/bucket_00000_0
{"writeid":### Masked writeid ###,"bucketid":536870912,"rowid":16}	17	seventeen	file:/Users/karencoppage/upstream/hive/itests/qtest/target/localfs/warehouse/major_compaction/delta_0000001_0000001_0000/bucket_00000_0
{"writeid":### Masked writeid ###,"bucketid":536870912,"rowid":17}	18	eighteen	file:/Users/karencoppage/upstream/hive/itests/qtest/target/localfs/warehouse/major_compaction/delta_0000001_0000001_0000/bucket_00000_0
{"writeid":### Masked writeid ###,"bucketid":536870912,"rowid":18}	19	nineteen	file:/Users/karencoppage/upstream/hive/itests/qtest/target/localfs/warehouse/major_compaction/delta_0000001_0000001_0000/bucket_00000_0
{"writeid":### Masked writeid ###,"bucketid":536870912,"rowid":19}	20	twenty	file:/Users/karencoppage/upstream/hive/itests/qtest/target/localfs/warehouse/major_compaction/delta_0000001_0000001_0000/bucket_00000_0
PREHOOK: query: CREATE temporary external table default_tmp_compactor_major_compaction
(`operation` int, `originalTransaction` bigint, `bucket` int, `rowId` bigint, `currentTransaction` bigint,
`row` struct<`id` :string, `value` :string>)
stored as orc
#### A masked pattern was here ####
TBLPROPERTIES ('compactiontable'='true', 'transactional'='false')
PREHOOK: type: CREATETABLE
#### A masked pattern was here ####
PREHOOK: Output: database:default
PREHOOK: Output: default@default_tmp_compactor_major_compaction
POSTHOOK: query: CREATE temporary external table default_tmp_compactor_major_compaction
(`operation` int, `originalTransaction` bigint, `bucket` int, `rowId` bigint, `currentTransaction` bigint,
`row` struct<`id` :string, `value` :string>)
stored as orc
#### A masked pattern was here ####
TBLPROPERTIES ('compactiontable'='true', 'transactional'='false')
POSTHOOK: type: CREATETABLE
#### A masked pattern was here ####
POSTHOOK: Output: database:default
POSTHOOK: Output: default@default_tmp_compactor_major_compaction
PREHOOK: query: INSERT into table default_tmp_compactor_major_compaction
select validate_acid_sort_order(ROW__ID.writeId, ROW__ID.bucketId, ROW__ID.rowId),
ROW__ID.writeId, ROW__ID.bucketId, ROW__ID.rowId, ROW__ID.writeId, NAMED_STRUCT('id', id, 'value', value)
from default.major_compaction
PREHOOK: type: QUERY
PREHOOK: Input: default@major_compaction
PREHOOK: Output: default@default_tmp_compactor_major_compaction
POSTHOOK: query: INSERT into table default_tmp_compactor_major_compaction
select validate_acid_sort_order(ROW__ID.writeId, ROW__ID.bucketId, ROW__ID.rowId),
ROW__ID.writeId, ROW__ID.bucketId, ROW__ID.rowId, ROW__ID.writeId, NAMED_STRUCT('id', id, 'value', value)
from default.major_compaction
POSTHOOK: type: QUERY
POSTHOOK: Input: default@major_compaction
POSTHOOK: Output: default@default_tmp_compactor_major_compaction
POSTHOOK: Lineage: default_tmp_compactor_major_compaction.bucket EXPRESSION [(major_compaction)major_compaction.FieldSchema(name:ROW__ID, type:struct<writeId:bigint,bucketId:int,rowId:bigint>, comment:), ]
POSTHOOK: Lineage: default_tmp_compactor_major_compaction.currenttransaction EXPRESSION [(major_compaction)major_compaction.FieldSchema(name:ROW__ID, type:struct<writeId:bigint,bucketId:int,rowId:bigint>, comment:), ]
POSTHOOK: Lineage: default_tmp_compactor_major_compaction.operation EXPRESSION [(major_compaction)major_compaction.FieldSchema(name:ROW__ID, type:struct<writeId:bigint,bucketId:int,rowId:bigint>, comment:), ]
POSTHOOK: Lineage: default_tmp_compactor_major_compaction.originaltransaction EXPRESSION [(major_compaction)major_compaction.FieldSchema(name:ROW__ID, type:struct<writeId:bigint,bucketId:int,rowId:bigint>, comment:), ]
POSTHOOK: Lineage: default_tmp_compactor_major_compaction.row EXPRESSION [(major_compaction)major_compaction.FieldSchema(name:id, type:string, comment:null), (major_compaction)major_compaction.FieldSchema(name:value, type:string, comment:null), ]
POSTHOOK: Lineage: default_tmp_compactor_major_compaction.rowid EXPRESSION [(major_compaction)major_compaction.FieldSchema(name:ROW__ID, type:struct<writeId:bigint,bucketId:int,rowId:bigint>, comment:), ]
PREHOOK: query: select ROW__ID, *, INPUT__FILE__NAME from default_tmp_compactor_major_compaction
PREHOOK: type: QUERY
PREHOOK: Input: default@default_tmp_compactor_major_compaction
#### A masked pattern was here ####
POSTHOOK: query: select ROW__ID, *, INPUT__FILE__NAME from default_tmp_compactor_major_compaction
POSTHOOK: type: QUERY
POSTHOOK: Input: default@default_tmp_compactor_major_compaction
#### A masked pattern was here ####
PREHOOK: query: drop table default_tmp_compactor_major_compaction
PREHOOK: type: DROPTABLE
PREHOOK: Input: default@default_tmp_compactor_major_compaction
PREHOOK: Output: default@default_tmp_compactor_major_compaction
POSTHOOK: query: drop table default_tmp_compactor_major_compaction
POSTHOOK: type: DROPTABLE
POSTHOOK: Input: default@default_tmp_compactor_major_compaction
POSTHOOK: Output: default@default_tmp_compactor_major_compaction
PREHOOK: query: drop table major_compaction
PREHOOK: type: DROPTABLE
PREHOOK: Input: default@major_compaction
PREHOOK: Output: default@major_compaction
POSTHOOK: query: drop table major_compaction
POSTHOOK: type: DROPTABLE
POSTHOOK: Input: default@major_compaction
POSTHOOK: Output: default@major_compaction
#### A masked pattern was here ####
PREHOOK: query: CREATE TABLE major_compaction_part_buck(id string, value string) partitioned by (p int) CLUSTERED BY(id) INTO 10 BUCKETS STORED AS ORC TBLPROPERTIES('transactional'='true')
PREHOOK: type: CREATETABLE
PREHOOK: Output: database:default
PREHOOK: Output: default@major_compaction_part_buck
POSTHOOK: query: CREATE TABLE major_compaction_part_buck(id string, value string) partitioned by (p int) CLUSTERED BY(id) INTO 10 BUCKETS STORED AS ORC TBLPROPERTIES('transactional'='true')
POSTHOOK: type: CREATETABLE
POSTHOOK: Output: database:default
POSTHOOK: Output: default@major_compaction_part_buck
PREHOOK: query: insert into major_compaction_part_buck partition (p=1) values 
('1','one'),('2','two'),('3','three'),('4','four'),('5','five'),
('6','six'),('7','seven'),('8','eight'),('9','nine'),('10','ten'),
('11','eleven'),('12','twelve'),('13','thirteen'),('14','fourteen'),('15','fifteen'),
('16','sixteen'),('17','seventeen'),('18','eighteen'),('19','nineteen'),('20','twenty')
PREHOOK: type: QUERY
PREHOOK: Input: _dummy_database@_dummy_table
PREHOOK: Output: default@major_compaction_part_buck@p=1
POSTHOOK: query: insert into major_compaction_part_buck partition (p=1) values 
('1','one'),('2','two'),('3','three'),('4','four'),('5','five'),
('6','six'),('7','seven'),('8','eight'),('9','nine'),('10','ten'),
('11','eleven'),('12','twelve'),('13','thirteen'),('14','fourteen'),('15','fifteen'),
('16','sixteen'),('17','seventeen'),('18','eighteen'),('19','nineteen'),('20','twenty')
POSTHOOK: type: QUERY
POSTHOOK: Input: _dummy_database@_dummy_table
POSTHOOK: Output: default@major_compaction_part_buck@p=1
POSTHOOK: Lineage: major_compaction_part_buck PARTITION(p=1).id SCRIPT []
POSTHOOK: Lineage: major_compaction_part_buck PARTITION(p=1).value SCRIPT []
PREHOOK: query: delete from major_compaction_part_buck where id in ('2', '11', '10')
PREHOOK: type: QUERY
PREHOOK: Input: default@major_compaction_part_buck
PREHOOK: Input: default@major_compaction_part_buck@p=1
PREHOOK: Output: default@major_compaction_part_buck@p=1
POSTHOOK: query: delete from major_compaction_part_buck where id in ('2', '11', '10')
POSTHOOK: type: QUERY
POSTHOOK: Input: default@major_compaction_part_buck
POSTHOOK: Input: default@major_compaction_part_buck@p=1
POSTHOOK: Output: default@major_compaction_part_buck@p=1
PREHOOK: query: delete from major_compaction_part_buck where id in ('2', '4', '12', '15')
PREHOOK: type: QUERY
PREHOOK: Input: default@major_compaction_part_buck
PREHOOK: Input: default@major_compaction_part_buck@p=1
PREHOOK: Output: default@major_compaction_part_buck@p=1
POSTHOOK: query: delete from major_compaction_part_buck where id in ('2', '4', '12', '15')
POSTHOOK: type: QUERY
POSTHOOK: Input: default@major_compaction_part_buck
POSTHOOK: Input: default@major_compaction_part_buck@p=1
POSTHOOK: Output: default@major_compaction_part_buck@p=1
PREHOOK: query: insert into major_compaction_part_buck values ('21', 'twenty-one', 2)
PREHOOK: type: QUERY
PREHOOK: Input: _dummy_database@_dummy_table
PREHOOK: Output: default@major_compaction_part_buck
POSTHOOK: query: insert into major_compaction_part_buck values ('21', 'twenty-one', 2)
POSTHOOK: type: QUERY
POSTHOOK: Input: _dummy_database@_dummy_table
POSTHOOK: Output: default@major_compaction_part_buck
POSTHOOK: Output: default@major_compaction_part_buck@p=1
POSTHOOK: Output: default@major_compaction_part_buck@p=2
POSTHOOK: Lineage: major_compaction_part_buck PARTITION(p=1).id SCRIPT []
POSTHOOK: Lineage: major_compaction_part_buck PARTITION(p=1).value SCRIPT []
POSTHOOK: Lineage: major_compaction_part_buck PARTITION(p=2).id SCRIPT []
POSTHOOK: Lineage: major_compaction_part_buck PARTITION(p=2).value SCRIPT []
PREHOOK: query: select ROW__ID, *, INPUT__FILE__NAME from major_compaction_part_buck
PREHOOK: type: QUERY
PREHOOK: Input: default@major_compaction_part_buck
PREHOOK: Input: default@major_compaction_part_buck@p=1
PREHOOK: Input: default@major_compaction_part_buck@p=2
#### A masked pattern was here ####
POSTHOOK: query: select ROW__ID, *, INPUT__FILE__NAME from major_compaction_part_buck
POSTHOOK: type: QUERY
POSTHOOK: Input: default@major_compaction_part_buck
POSTHOOK: Input: default@major_compaction_part_buck@p=1
POSTHOOK: Input: default@major_compaction_part_buck@p=2
#### A masked pattern was here ####
{"writeid":### Masked writeid ###,"bucketid":536870912,"rowid":0}	1	one	1	file:/Users/karencoppage/upstream/hive/itests/qtest/target/localfs/warehouse/major_compaction_part_buck/p=1/delta_0000001_0000001_0000/bucket_00000_0
{"writeid":### Masked writeid ###,"bucketid":536870912,"rowid":1}	8	eight	1	file:/Users/karencoppage/upstream/hive/itests/qtest/target/localfs/warehouse/major_compaction_part_buck/p=1/delta_0000001_0000001_0000/bucket_00000_0
{"writeid":### Masked writeid ###,"bucketid":536936448,"rowid":1}	13	thirteen	1	file:/Users/karencoppage/upstream/hive/itests/qtest/target/localfs/warehouse/major_compaction_part_buck/p=1/delta_0000001_0000001_0000/bucket_00001_0
{"writeid":### Masked writeid ###,"bucketid":537067520,"rowid":2}	5	five	1	file:/Users/karencoppage/upstream/hive/itests/qtest/target/localfs/warehouse/major_compaction_part_buck/p=1/delta_0000001_0000001_0000/bucket_00003_0
{"writeid":### Masked writeid ###,"bucketid":537067520,"rowid":3}	6	six	1	file:/Users/karencoppage/upstream/hive/itests/qtest/target/localfs/warehouse/major_compaction_part_buck/p=1/delta_0000001_0000001_0000/bucket_00003_0
{"writeid":### Masked writeid ###,"bucketid":537133056,"rowid":0}	20	twenty	1	file:/Users/karencoppage/upstream/hive/itests/qtest/target/localfs/warehouse/major_compaction_part_buck/p=1/delta_0000001_0000001_0000/bucket_00004_0
{"writeid":### Masked writeid ###,"bucketid":537133056,"rowid":1}	3	three	1	file:/Users/karencoppage/upstream/hive/itests/qtest/target/localfs/warehouse/major_compaction_part_buck/p=1/delta_0000001_0000001_0000/bucket_00004_0
{"writeid":### Masked writeid ###,"bucketid":537133056,"rowid":2}	7	seven	1	file:/Users/karencoppage/upstream/hive/itests/qtest/target/localfs/warehouse/major_compaction_part_buck/p=1/delta_0000001_0000001_0000/bucket_00004_0
{"writeid":### Masked writeid ###,"bucketid":537198592,"rowid":0}	16	sixteen	1	file:/Users/karencoppage/upstream/hive/itests/qtest/target/localfs/warehouse/major_compaction_part_buck/p=1/delta_0000001_0000001_0000/bucket_00005_0
{"writeid":### Masked writeid ###,"bucketid":537264128,"rowid":0}	14	fourteen	1	file:/Users/karencoppage/upstream/hive/itests/qtest/target/localfs/warehouse/major_compaction_part_buck/p=1/delta_0000001_0000001_0000/bucket_00006_0
{"writeid":### Masked writeid ###,"bucketid":537264128,"rowid":2}	9	nine	1	file:/Users/karencoppage/upstream/hive/itests/qtest/target/localfs/warehouse/major_compaction_part_buck/p=1/delta_0000001_0000001_0000/bucket_00006_0
{"writeid":### Masked writeid ###,"bucketid":537329664,"rowid":0}	19	nineteen	1	file:/Users/karencoppage/upstream/hive/itests/qtest/target/localfs/warehouse/major_compaction_part_buck/p=1/delta_0000001_0000001_0000/bucket_00007_0
{"writeid":### Masked writeid ###,"bucketid":537395200,"rowid":0}	17	seventeen	1	file:/Users/karencoppage/upstream/hive/itests/qtest/target/localfs/warehouse/major_compaction_part_buck/p=1/delta_0000001_0000001_0000/bucket_00008_0
{"writeid":### Masked writeid ###,"bucketid":537395200,"rowid":1}	18	eighteen	1	file:/Users/karencoppage/upstream/hive/itests/qtest/target/localfs/warehouse/major_compaction_part_buck/p=1/delta_0000001_0000001_0000/bucket_00008_0
{"writeid":### Masked writeid ###,"bucketid":537001984,"rowid":0}	21	twenty-one	2	file:/Users/karencoppage/upstream/hive/itests/qtest/target/localfs/warehouse/major_compaction_part_buck/p=2/delta_0000004_0000004_0000/bucket_00002_0
PREHOOK: query: CREATE temporary external table default_tmp_compactor_major_compaction
(`operation` int, `originalTransaction` bigint, `bucket` int, `rowId` bigint, `currentTransaction` bigint,
`row` struct<`id` :string, `value` :string>)
#### A masked pattern was here ####
TBLPROPERTIES ('compactiontable'='true', 'transactional'='false')
PREHOOK: type: CREATETABLE
#### A masked pattern was here ####
PREHOOK: Output: database:default
PREHOOK: Output: default@default_tmp_compactor_major_compaction
POSTHOOK: query: CREATE temporary external table default_tmp_compactor_major_compaction
(`operation` int, `originalTransaction` bigint, `bucket` int, `rowId` bigint, `currentTransaction` bigint,
`row` struct<`id` :string, `value` :string>)
#### A masked pattern was here ####
TBLPROPERTIES ('compactiontable'='true', 'transactional'='false')
POSTHOOK: type: CREATETABLE
#### A masked pattern was here ####
POSTHOOK: Output: database:default
POSTHOOK: Output: default@default_tmp_compactor_major_compaction
PREHOOK: query: INSERT into table default_tmp_compactor_major_compaction
select validate_acid_sort_order(ROW__ID.writeId, ROW__ID.bucketId, ROW__ID.rowId),
ROW__ID.writeId, ROW__ID.bucketId, ROW__ID.rowId, ROW__ID.writeId, NAMED_STRUCT('id', id, 'value', value)
from default.major_compaction_part_buck where `p`=1
PREHOOK: type: QUERY
PREHOOK: Input: default@major_compaction_part_buck
PREHOOK: Input: default@major_compaction_part_buck@p=1
PREHOOK: Output: default@default_tmp_compactor_major_compaction
POSTHOOK: query: INSERT into table default_tmp_compactor_major_compaction
select validate_acid_sort_order(ROW__ID.writeId, ROW__ID.bucketId, ROW__ID.rowId),
ROW__ID.writeId, ROW__ID.bucketId, ROW__ID.rowId, ROW__ID.writeId, NAMED_STRUCT('id', id, 'value', value)
from default.major_compaction_part_buck where `p`=1
POSTHOOK: type: QUERY
POSTHOOK: Input: default@major_compaction_part_buck
POSTHOOK: Input: default@major_compaction_part_buck@p=1
POSTHOOK: Output: default@default_tmp_compactor_major_compaction
POSTHOOK: Lineage: default_tmp_compactor_major_compaction.bucket EXPRESSION [(major_compaction_part_buck)major_compaction_part_buck.FieldSchema(name:ROW__ID, type:struct<writeId:bigint,bucketId:int,rowId:bigint>, comment:), ]
POSTHOOK: Lineage: default_tmp_compactor_major_compaction.currenttransaction EXPRESSION [(major_compaction_part_buck)major_compaction_part_buck.FieldSchema(name:ROW__ID, type:struct<writeId:bigint,bucketId:int,rowId:bigint>, comment:), ]
POSTHOOK: Lineage: default_tmp_compactor_major_compaction.operation EXPRESSION [(major_compaction_part_buck)major_compaction_part_buck.FieldSchema(name:ROW__ID, type:struct<writeId:bigint,bucketId:int,rowId:bigint>, comment:), ]
POSTHOOK: Lineage: default_tmp_compactor_major_compaction.originaltransaction EXPRESSION [(major_compaction_part_buck)major_compaction_part_buck.FieldSchema(name:ROW__ID, type:struct<writeId:bigint,bucketId:int,rowId:bigint>, comment:), ]
POSTHOOK: Lineage: default_tmp_compactor_major_compaction.row EXPRESSION [(major_compaction_part_buck)major_compaction_part_buck.FieldSchema(name:id, type:string, comment:null), (major_compaction_part_buck)major_compaction_part_buck.FieldSchema(name:value, type:string, comment:null), ]
POSTHOOK: Lineage: default_tmp_compactor_major_compaction.rowid EXPRESSION [(major_compaction_part_buck)major_compaction_part_buck.FieldSchema(name:ROW__ID, type:struct<writeId:bigint,bucketId:int,rowId:bigint>, comment:), ]
PREHOOK: query: select ROW__ID, *, INPUT__FILE__NAME from default_tmp_compactor_major_compaction
PREHOOK: type: QUERY
PREHOOK: Input: default@default_tmp_compactor_major_compaction
#### A masked pattern was here ####
POSTHOOK: query: select ROW__ID, *, INPUT__FILE__NAME from default_tmp_compactor_major_compaction
POSTHOOK: type: QUERY
POSTHOOK: Input: default@default_tmp_compactor_major_compaction
#### A masked pattern was here ####
PREHOOK: query: drop table default_tmp_compactor_major_compaction
PREHOOK: type: DROPTABLE
PREHOOK: Input: default@default_tmp_compactor_major_compaction
PREHOOK: Output: default@default_tmp_compactor_major_compaction
POSTHOOK: query: drop table default_tmp_compactor_major_compaction
POSTHOOK: type: DROPTABLE
POSTHOOK: Input: default@default_tmp_compactor_major_compaction
POSTHOOK: Output: default@default_tmp_compactor_major_compaction
PREHOOK: query: drop table major_compaction_part_buck
PREHOOK: type: DROPTABLE
PREHOOK: Input: default@major_compaction_part_buck
PREHOOK: Output: default@major_compaction_part_buck
POSTHOOK: query: drop table major_compaction_part_buck
POSTHOOK: type: DROPTABLE
POSTHOOK: Input: default@major_compaction_part_buck
POSTHOOK: Output: default@major_compaction_part_buck
#### A masked pattern was here ####
